// Jest Snapshot v1, https://goo.gl/fbAQLP

exports[`cursor processCursor should throw if an attribute is used which the data set is not sorted by 1`] = `"orderBy needs to be an array of order definitions"`;

exports[`cursor processCursor should throw if an attribute is used which the data set is not sorted by 2`] = `"Cursor works only on sorted attributes (check: 'loginName')"`;

exports[`cursor processCursor should throw if an attribute is used which the data set is not sorted by 3`] = `"Cursor works only on sorted attributes (check: 'email')"`;

exports[`cursor processCursor should throw if cursor is malformed 1`] = `"Cursor malformed"`;

exports[`cursor processCursor should throw if cursor is malformed 2`] = `"Cursor malformed"`;

exports[`cursor processCursor should throw if cursor is malformed 3`] = `"Cursor malformed"`;

exports[`cursor processCursor should throw if incompatible cursor provided 1`] = `"Incompatible cursor for this entity"`;

exports[`cursor processCursor should throw if none of the attributes are defined as unique 1`] = `"Cursor needs to have at least one attribute defined as unique"`;

exports[`cursor processCursor should throw if none of the attributes are defined as unique 2`] = `"Cursor needs to have at least one attribute defined as unique"`;

exports[`cursor processCursor should throw if unknown attribute is used 1`] = `"Unknown attribute 'iDontKnow' used in cursor"`;
