// Jest Snapshot v1, https://goo.gl/fbAQLP

exports[`generator test should render GraphQL Schema 1`] = `
GraphQLSchema {
  "__allowedLegacyNames": Array [],
  "__validationErrors": undefined,
  "_directives": Array [
    "@include",
    "@skip",
    "@deprecated",
  ],
  "_implementations": Object {
    "Node": Array [
      "FilteredEntityName",
    ],
  },
  "_mutationType": "Mutation",
  "_possibleTypeMap": Object {},
  "_queryType": "Query",
  "_subscriptionType": undefined,
  "_typeMap": Object {
    "Boolean": "Boolean",
    "CreateFilteredEntityNameInput": "CreateFilteredEntityNameInput",
    "CreateFilteredEntityNameInstanceInput": "CreateFilteredEntityNameInstanceInput",
    "CreateFilteredEntityNameInstanceNestedInput": "CreateFilteredEntityNameInstanceNestedInput",
    "CreateFilteredEntityNameNestedInput": "CreateFilteredEntityNameNestedInput",
    "CreateFilteredEntityNameOutput": "CreateFilteredEntityNameOutput",
    "Cursor": "Cursor",
    "DeleteFilteredEntityNameByIdInput": "DeleteFilteredEntityNameByIdInput",
    "DeleteFilteredEntityNameInput": "DeleteFilteredEntityNameInput",
    "DeleteFilteredEntityNameOutput": "DeleteFilteredEntityNameOutput",
    "FilteredEntityName": "FilteredEntityName",
    "FilteredEntityNameConnection": "FilteredEntityNameConnection",
    "FilteredEntityNameEdge": "FilteredEntityNameEdge",
    "FilteredEntityNameFilter": "FilteredEntityNameFilter",
    "ID": "ID",
    "Int": "Int",
    "Mutation": "Mutation",
    "Node": "Node",
    "PageInfo": "PageInfo",
    "Query": "Query",
    "String": "String",
    "UpdateFilteredEntityNameByIdInput": "UpdateFilteredEntityNameByIdInput",
    "UpdateFilteredEntityNameInput": "UpdateFilteredEntityNameInput",
    "UpdateFilteredEntityNameInstanceInput": "UpdateFilteredEntityNameInstanceInput",
    "UpdateFilteredEntityNameInstanceNestedInput": "UpdateFilteredEntityNameInstanceNestedInput",
    "UpdateFilteredEntityNameNestedInput": "UpdateFilteredEntityNameNestedInput",
    "UpdateFilteredEntityNameOutput": "UpdateFilteredEntityNameOutput",
    "__Directive": "__Directive",
    "__DirectiveLocation": "__DirectiveLocation",
    "__EnumValue": "__EnumValue",
    "__Field": "__Field",
    "__InputValue": "__InputValue",
    "__Schema": "__Schema",
    "__Type": "__Type",
    "__TypeKind": "__TypeKind",
  },
  "astNode": undefined,
  "extensionASTNodes": undefined,
  "extensions": undefined,
}
`;
